delta-sat with delta = 0.00100000000000000
delta-sat with delta = 0.00100000000000000
delta-sat with delta = 0.00100000000000000
delta-sat with delta = 0.00100000000000000
delta-sat with delta = 0.00100000000000000
delta-sat with delta = 0.00100000000000000
unsat
delta-sat with delta = 0.00100000000000000
delta-sat with delta = 0.00100000000000000
delta-sat with delta = 0.00100000000000000
unsat
delta-sat with delta = 0.00100000000000000
delta-sat with delta = 0.00100000000000000
delta-sat with delta = 0.00100000000000000
unsat
delta-sat with delta = 0.00100000000000000
delta-sat with delta = 0.00100000000000000
delta-sat with delta = 0.00100000000000000
unsat
delta-sat with delta = 0.00100000000000000
delta-sat with delta = 0.00100000000000000
delta-sat with delta = 0.00100000000000000
unsat
delta-sat with delta = 0.00100000000000000
delta-sat with delta = 0.00100000000000000
delta-sat with delta = 0.00100000000000000
delta-sat with delta = 0.00100000000000000
delta-sat with delta = 0.00100000000000000
delta-sat with delta = 0.00100000000000000
delta-sat with delta = 0.00100000000000000
unsat
delta-sat with delta = 0.00100000000000000
delta-sat with delta = 0.00100000000000000
delta-sat with delta = 0.00100000000000000
delta-sat with delta = 0.00100000000000000
delta-sat with delta = 0.00100000000000000
delta-sat with delta = 0.00100000000000000
delta-sat with delta = 0.00100000000000000
unsat
delta-sat with delta = 0.00100000000000000
delta-sat with delta = 0.00100000000000000
delta-sat with delta = 0.00100000000000000
unsat
delta-sat with delta = 0.00100000000000000
delta-sat with delta = 0.00100000000000000
delta-sat with delta = 0.00100000000000000
unsat
delta-sat with delta = 0.00100000000000000
delta-sat with delta = 0.00100000000000000
delta-sat with delta = 0.00100000000000000
delta-sat with delta = 0.00100000000000000
delta-sat with delta = 0.00100000000000000
delta-sat with delta = 0.00100000000000000
delta-sat with delta = 0.00100000000000000
unsat
delta-sat with delta = 0.00100000000000000
delta-sat with delta = 0.00100000000000000
delta-sat with delta = 0.00100000000000000
delta-sat with delta = 0.00100000000000000
delta-sat with delta = 0.00100000000000000
delta-sat with delta = 0.00100000000000000
delta-sat with delta = 0.00100000000000000
delta-sat with delta = 0.00100000000000000
delta-sat with delta = 0.00100000000000000
unsat
delta-sat with delta = 0.00100000000000000
unsat
delta-sat with delta = 0.00100000000000000
delta-sat with delta = 0.00100000000000000
delta-sat with delta = 0.00100000000000000
delta-sat with delta = 0.00100000000000000
delta-sat with delta = 0.00100000000000000
unsat
delta-sat with delta = 0.00100000000000000
delta-sat with delta = 0.00100000000000000
delta-sat with delta = 0.00100000000000000
delta-sat with delta = 0.00100000000000000
delta-sat with delta = 0.00100000000000000
delta-sat with delta = 0.00100000000000000
delta-sat with delta = 0.00100000000000000
unsat
delta-sat with delta = 0.00100000000000000
delta-sat with delta = 0.00100000000000000
delta-sat with delta = 0.00100000000000000
delta-sat with delta = 0.00100000000000000
delta-sat with delta = 0.00100000000000000
delta-sat with delta = 0.00100000000000000
delta-sat with delta = 0.00100000000000000
unsat
delta-sat with delta = 0.00100000000000000
delta-sat with delta = 0.00100000000000000
delta-sat with delta = 0.00100000000000000
delta-sat with delta = 0.00100000000000000
delta-sat with delta = 0.00100000000000000
delta-sat with delta = 0.00100000000000000
delta-sat with delta = 0.00100000000000000
delta-sat with delta = 0.00100000000000000
delta-sat with delta = 0.00100000000000000
delta-sat with delta = 0.00100000000000000
delta-sat with delta = 0.00100000000000000
delta-sat with delta = 0.00100000000000000
delta-sat with delta = 0.00100000000000000
unsat
delta-sat with delta = 0.00100000000000000
delta-sat with delta = 0.00100000000000000
delta-sat with delta = 0.00100000000000000
unsat
delta-sat with delta = 0.00100000000000000
delta-sat with delta = 0.00100000000000000
delta-sat with delta = 0.00100000000000000
unsat
delta-sat with delta = 0.00100000000000000
delta-sat with delta = 0.00100000000000000
delta-sat with delta = 0.00100000000000000
unsat
delta-sat with delta = 0.00100000000000000
delta-sat with delta = 0.00100000000000000
delta-sat with delta = 0.00100000000000000
unsat
delta-sat with delta = 0.00100000000000000
delta-sat with delta = 0.00100000000000000
delta-sat with delta = 0.00100000000000000
unsat
delta-sat with delta = 0.00100000000000000
delta-sat with delta = 0.00100000000000000
delta-sat with delta = 0.00100000000000000
unsat
delta-sat with delta = 0.00100000000000000
delta-sat with delta = 0.00100000000000000
delta-sat with delta = 0.00100000000000000
unsat
delta-sat with delta = 0.00100000000000000
delta-sat with delta = 0.00100000000000000
delta-sat with delta = 0.00100000000000000
delta-sat with delta = 0.00100000000000000
delta-sat with delta = 0.00100000000000000
delta-sat with delta = 0.00100000000000000
delta-sat with delta = 0.00100000000000000
unsat
delta-sat with delta = 0.00100000000000000
delta-sat with delta = 0.00100000000000000
delta-sat with delta = 0.00100000000000000
unsat
delta-sat with delta = 0.00100000000000000
delta-sat with delta = 0.00100000000000000
delta-sat with delta = 0.00100000000000000
unsat
delta-sat with delta = 0.00100000000000000
delta-sat with delta = 0.00100000000000000
delta-sat with delta = 0.00100000000000000
unsat
delta-sat with delta = 0.00100000000000000
delta-sat with delta = 0.00100000000000000
delta-sat with delta = 0.00100000000000000
unsat
delta-sat with delta = 0.00100000000000000
delta-sat with delta = 0.00100000000000000
delta-sat with delta = 0.00100000000000000
delta-sat with delta = 0.00100000000000000
delta-sat with delta = 0.00100000000000000
delta-sat with delta = 0.00100000000000000
delta-sat with delta = 0.00100000000000000
delta-sat with delta = 0.00100000000000000
delta-sat with delta = 0.00100000000000000
delta-sat with delta = 0.00100000000000000
delta-sat with delta = 0.00100000000000000
delta-sat with delta = 0.00100000000000000
delta-sat with delta = 0.00100000000000000
delta-sat with delta = 0.00100000000000000
delta-sat with delta = 0.00100000000000000
unsat
delta-sat with delta = 0.00100000000000000
delta-sat with delta = 0.00100000000000000
delta-sat with delta = 0.00100000000000000
unsat
delta-sat with delta = 0.00100000000000000
delta-sat with delta = 0.00100000000000000
delta-sat with delta = 0.00100000000000000
unsat
delta-sat with delta = 0.00100000000000000
delta-sat with delta = 0.00100000000000000
delta-sat with delta = 0.00100000000000000
unsat
delta-sat with delta = 0.00100000000000000
delta-sat with delta = 0.00100000000000000
delta-sat with delta = 0.00100000000000000
unsat
delta-sat with delta = 0.00100000000000000
delta-sat with delta = 0.00100000000000000
delta-sat with delta = 0.00100000000000000
delta-sat with delta = 0.00100000000000000
delta-sat with delta = 0.00100000000000000
delta-sat with delta = 0.00100000000000000
delta-sat with delta = 0.00100000000000000
unsat
delta-sat with delta = 0.00100000000000000
delta-sat with delta = 0.00100000000000000
delta-sat with delta = 0.00100000000000000
delta-sat with delta = 0.00100000000000000
delta-sat with delta = 0.00100000000000000
delta-sat with delta = 0.00100000000000000
delta-sat with delta = 0.00100000000000000
delta-sat with delta = 0.00100000000000000
delta-sat with delta = 0.00100000000000000
delta-sat with delta = 0.00100000000000000
delta-sat with delta = 0.00100000000000000
delta-sat with delta = 0.00100000000000000
delta-sat with delta = 0.00100000000000000
delta-sat with delta = 0.00100000000000000
delta-sat with delta = 0.00100000000000000
delta-sat with delta = 0.00100000000000000
delta-sat with delta = 0.00100000000000000
unsat
delta-sat with delta = 0.00100000000000000
delta-sat with delta = 0.00100000000000000
delta-sat with delta = 0.00100000000000000
unsat
delta-sat with delta = 0.00100000000000000
delta-sat with delta = 0.00100000000000000
delta-sat with delta = 0.00100000000000000
unsat
delta-sat with delta = 0.00100000000000000
delta-sat with delta = 0.00100000000000000
delta-sat with delta = 0.00100000000000000
delta-sat with delta = 0.00100000000000000
delta-sat with delta = 0.00100000000000000
